// Jest Snapshot v1, https://goo.gl/fbAQLP

exports[`Headlines Headlines component renders without crashing 1`] = `
<div
  className="App"
>
  <h2>
    Headlines
  </h2>
  <h3
    id="1"
    onClick={[Function]}
    style={
      Object {
        "color": "black",
      }
    }
  >
    First Article
  </h3>
  <h3
    id="2"
    onClick={[Function]}
    style={
      Object {
        "color": "black",
      }
    }
  >
    Second Article
  </h3>
  <h3
    id="3"
    onClick={[Function]}
    style={
      Object {
        "color": "black",
      }
    }
  >
    Third Article
  </h3>
</div>
`;
